MPLINK 5.09, LINKER
Linker Map File - Created Thu Sep 21 14:42:59 2023

                                 Section Info
                  Section       Type    Address   Location Size(Bytes)
                ---------  ---------  ---------  ---------  ---------
                   .org_0       code   0x000000    program   0x000002
                   .cinit    romdata   0x000001    program   0x000004
                   .org_1       code   0x000004    program   0x00005a



                              Program Memory Usage 
                               Start         End      
                           ---------   ---------      
                            0x000000    0x000002      
                            0x000004    0x000030      
            48 out of 8454 program addresses used, program memory utilization is 0%



                              Symbols - Sorted by Name
                     Name    Address   Location    Storage File                     
                ---------  ---------  ---------  --------- ---------                
                   LED_ON   0x00002e    program     static C:\Users\Eduar\OneDrive\햞ea de Trabalho\UFSC\Micropocessadores e Microcontroladores\Trabalhos em aula\Contador\Contador.X\Contador.asm
                     LOOP   0x000026    program     static C:\Users\Eduar\OneDrive\햞ea de Trabalho\UFSC\Micropocessadores e Microcontroladores\Trabalhos em aula\Contador\Contador.X\Contador.asm
                SAIDA_INT   0x000011    program     static C:\Users\Eduar\OneDrive\햞ea de Trabalho\UFSC\Micropocessadores e Microcontroladores\Trabalhos em aula\Contador\Contador.X\Contador.asm
                    START   0x000015    program     static C:\Users\Eduar\OneDrive\햞ea de Trabalho\UFSC\Micropocessadores e Microcontroladores\Trabalhos em aula\Contador\Contador.X\Contador.asm



                              Symbols - Sorted by Address
                     Name    Address   Location    Storage File                     
                ---------  ---------  ---------  --------- ---------                
                SAIDA_INT   0x000011    program     static C:\Users\Eduar\OneDrive\햞ea de Trabalho\UFSC\Micropocessadores e Microcontroladores\Trabalhos em aula\Contador\Contador.X\Contador.asm
                    START   0x000015    program     static C:\Users\Eduar\OneDrive\햞ea de Trabalho\UFSC\Micropocessadores e Microcontroladores\Trabalhos em aula\Contador\Contador.X\Contador.asm
                     LOOP   0x000026    program     static C:\Users\Eduar\OneDrive\햞ea de Trabalho\UFSC\Micropocessadores e Microcontroladores\Trabalhos em aula\Contador\Contador.X\Contador.asm
                   LED_ON   0x00002e    program     static C:\Users\Eduar\OneDrive\햞ea de Trabalho\UFSC\Micropocessadores e Microcontroladores\Trabalhos em aula\Contador\Contador.X\Contador.asm


