Microchip MPLAB XC8 Compiler V2.45

Linker command line:

-W-3 \
  --edf=C:\Program Files\Microchip\xc8\v2.45\pic\dat\20230818022343_en.msgs \
  -cn -h+dist/default/production\MPLAB.production.sym \
  --cmf=dist/default/production\MPLAB.production.cmf -z -Q16F877A \
  -oC:\Users\Eduar\AppData\Local\Temp\xcAsi64.\driver_tmp_3.o \
  --defsym=__MPLAB_BUILD=1 --fixupoverflow=error \
  -Mdist/default/production/MPLAB.production.map \
  --md=C:\Users\Eduar\AppData\Local\Temp\xcAsi64.\driver_tmp_0.dat -E1 \
  -ver=XC8 Compiler --acfsm=1493 -ACODE=00h-07FFhx4 -ASTRCODE=00h-01FFFh \
  -ASTRING=00h-0FFhx32 -ACONST=00h-0FFhx32 -AENTRY=00h-0FFhx32 \
  -ACOMMON=070h-07Fh -ABANK0=020h-06Fh -ABANK1=0A0h-0EFh \
  -ABANK2=0110h-016Fh -ABANK3=0190h-01EFh \
  -ARAM=020h-06Fh,0A0h-0EFh,0110h-016Fh,0190h-01EFh \
  -AABS1=020h-07Fh,0A0h-0EFh,0110h-016Fh,0190h-01EFh -ASFR0=00h-01Fh \
  -ASFR1=080h-09Fh -ASFR2=0100h-010Fh -ASFR3=0180h-018Fh \
  -ACONFIG=02007h-02007h -DCONFIG=2 -AIDLOC=02000h-02003h -DIDLOC=2 \
  -AEEDATA=00h-0FFh/02100h -peeprom_data=EEDATA -DEEDATA=2 -DCODE=2 \
  -DSTRCODE=2 -DSTRING=2 -DCONST=2 -DENTRY=2 \
  -preset_vec=00h,intentry=04h,init,end_init -ppowerup=CODE -pcinit=CODE \
  -pfunctab=ENTRY -k \
  C:\Users\Eduar\AppData\Local\Temp\xcAsi64.\driver_tmp_12.o \
  dist/default/production\MPLAB.production.o 

Object code version is 3.11

Machine type is 16F877A



                Name                               Link     Load   Length Selector   Space Scale
C:\Users\Eduar\AppData\Local\Temp\xcAsi64.\driver_tmp_12.o
                end_init                             12       12        3        8       0
                reset_vec                             0        0        3        0       0
                config                             2007     2007        1        0       4
dist/default/production\MPLAB.production.o
                cinit                                15       15       16        8       0
                intentry                              4        4        E        8       0
                config                             2007     2007        1        0       4
                text11                              58A      58A       67        8       0
                text10                              64F      64F       59        8       0
                text9                               370      370       EA        8       0
                text8                               6D4      6D4       27        8       0
                text7                                2B       2B      345        8       0
                text6                               512      512       78        8       0
                text5                               45A      45A       B8        8       0
                text4                               5F1      5F1       5E        8       0
                text3                               6FB      6FB       1A        8       0
                text2                               742      742        4        8       0
                text1                               73C      73C        6        8       0
                maintext                            6A8      6A8       2C        8       0
                cstackBANK0                          20       20       28       20       1
                cstackCOMMON                         70       70        E       70       1
                cstackBANK1                          A0       A0        2       A0       1
                inittext                            729      729       13        8       0
                dataBANK0                            48       48       14       20       1
                bssBANK0                             5C       5C        4       20       1
                idataBANK0                          715      715       14        8       0

TOTAL           Name                               Link     Load   Length     Space
        CLASS   CODE           
                end_init                             12       12        3         0
                cinit                                15       15       16         0
                intentry                              4        4        E         0
                reset_vec                             0        0        3         0
                text11                              58A      58A       67         0
                text10                              64F      64F       59         0
                text9                               370      370       EA         0
                text8                               6D4      6D4       27         0
                text7                                2B       2B      345         0
                text6                               512      512       78         0
                text5                               45A      45A       B8         0
                text4                               5F1      5F1       5E         0
                text3                               6FB      6FB       1A         0
                text2                               742      742        4         0
                text1                               73C      73C        6         0
                maintext                            6A8      6A8       2C         0
                inittext                            729      729       13         0
                idataBANK0                          715      715       14         0

        CLASS   STRCODE        

        CLASS   STRING         

        CLASS   CONST          

        CLASS   ENTRY          

        CLASS   COMMON         
                cstackCOMMON                         70       70        E         1

        CLASS   BANK0          
                cstackBANK0                          20       20       28         1
                dataBANK0                            48       48       14         1
                bssBANK0                             5C       5C        4         1

        CLASS   BANK1          
                cstackBANK1                          A0       A0        2         1

        CLASS   BANK2          

        CLASS   BANK3          

        CLASS   RAM            

        CLASS   ABS1           
                abs_s1                               7E       7E        2         1

        CLASS   SFR0           

        CLASS   SFR1           

        CLASS   SFR2           

        CLASS   SFR3           

        CLASS   CONFIG         
                config                             2007     2007        1         4

        CLASS   IDLOC          

        CLASS   EEDATA         

        CLASS   HEAP           

        CLASS   STACK          



SEGMENTS        Name                           Load    Length   Top    Selector   Space  Class     Delta

                reset_vec                      000000  000003  000003         0       0  CODE        2
                intentry                       000004  000742  000746         8       0  CODE        2
                cstackBANK0                    000020  000040  000060        20       1  BANK0       1
                cstackCOMMON                   000070  00000E  00007E        70       1  COMMON      1
                cstackBANK1                    0000A0  000002  0000A2        A0       1  BANK1       1


UNUSED ADDRESS RANGES

        Name                Unused          Largest block    Delta
        BANK0            0060-006F             10           1
        BANK1            00A2-00EF             4E           1
        BANK2            0110-016F             60           1
        BANK3            0190-01EF             60           1
        CODE             0003-0003              1           2
                         0746-1FFF            800
        CONST            0003-0003              1           2
                         0746-1FFF            100
        EEDATA           2100-21FF            100           2
        ENTRY            0003-0003              1           2
                         0746-1FFF            100
        IDLOC            2000-2003              4           2
        RAM              0060-006F             10           1
                         00A2-00EF             4E
                         0110-016F             60
                         0190-01EF             60
        SFR0             0000-001F             20           1
        SFR1             0080-009F             20           1
        SFR2             0100-010F             10           1
        SFR3             0180-018F             10           1
        STRCODE          0003-0003              1           2
                         0746-1FFF           18BA
        STRING           0003-0003              1           2
                         0746-1FFF            100

                                  Symbol Table

?__Umul8_16              cstackCOMMON 0070
?___awdiv                cstackCOMMON 0070
?___awmod                cstackCOMMON 0070
?___flmul                cstackBANK0  0020
?___fltol                cstackBANK0  003A
?___xxtofl               cstackCOMMON 0070
Show_Display@a           cstackBANK0  0020
Show_Display@b           cstackBANK0  0028
Show_Display@c           cstackBANK0  0022
Show_Display@d           cstackBANK0  002A
Show_Display@e           cstackBANK0  0024
Show_Display@f           cstackBANK0  002C
Show_Display@g           cstackBANK0  0026
Show_Display@value       cstackCOMMON 0078
_ADCON0bits              (abs)        001F
_ADCON1bits              (abs)        009F
_ADC_Init                text3        06FB
_ADC_Read                text2        0742
_ADIF                    (abs)        0066
_ADRESH                  (abs)        001E
_ADRESL                  (abs)        009E
_INTCONbits              (abs)        000B
_Int_Init                text1        073C
_PIE1bits                (abs)        008C
_PIR1bits                (abs)        000C
_PORTA                   (abs)        0005
_PORTC                   (abs)        0007
_PORTD                   (abs)        0008
_PORTDbits               (abs)        0008
_RC0                     (abs)        0038
_RC1                     (abs)        0039
_RC2                     (abs)        003A
_RC3                     (abs)        003B
_Show_Display            text9        0370
_TRISC                   (abs)        0087
_TRISD                   (abs)        0088
_TrataInt                text4        05F1
__H__absolute__          __absolute__ 0000
__Habs1                  abs1         0000
__Hbank0                 bank0        0000
__Hbank1                 bank1        0000
__Hbank2                 bank2        0000
__Hbank3                 bank3        0000
__HbssBANK0              bssBANK0     0000
__Hcinit                 cinit        002B
__Hclrtext               clrtext      0000
__Hcode                  code         0000
__Hcommon                common       0000
__Hconfig                config       2008
__HcstackBANK0           cstackBANK0  0000
__HcstackBANK1           cstackBANK1  0000
__HcstackCOMMON          cstackCOMMON 0000
__HdataBANK0             dataBANK0    0000
__Heeprom_data           eeprom_data  0000
__Hend_init              end_init     0015
__Hfunctab               functab      0000
__Hheap                  heap         0000
__HidataBANK0            idataBANK0   0000
__Hinit                  init         0012
__Hinittext              inittext     0000
__Hintentry              intentry     0012
__Hmaintext              maintext     0000
__Hpowerup               powerup      0000
__Hram                   ram          0000
__Hreset_vec             reset_vec    0003
__Hsfr0                  sfr0         0000
__Hsfr1                  sfr1         0000
__Hsfr2                  sfr2         0000
__Hsfr3                  sfr3         0000
__Hspace_0               (abs)        0746
__Hspace_1               (abs)        00A2
__Hspace_2               (abs)        0000
__Hspace_3               (abs)        0000
__Hspace_4               (abs)        400F
__Hstack                 stack        0000
__Hstrings               strings      0000
__Htext                  text         0000
__L__absolute__          __absolute__ 0000
__Labs1                  abs1         0000
__Lbank0                 bank0        0000
__Lbank1                 bank1        0000
__Lbank2                 bank2        0000
__Lbank3                 bank3        0000
__LbssBANK0              bssBANK0     0000
__Lcinit                 cinit        0015
__Lclrtext               clrtext      0000
__Lcode                  code         0000
__Lcommon                common       0000
__Lconfig                config       0000
__LcstackBANK0           cstackBANK0  0000
__LcstackBANK1           cstackBANK1  0000
__LcstackCOMMON          cstackCOMMON 0000
__LdataBANK0             dataBANK0    0000
__Leeprom_data           eeprom_data  0000
__Lend_init              end_init     0012
__Lfunctab               functab      0000
__Lheap                  heap         0000
__LidataBANK0            idataBANK0   0000
__Linit                  init         0012
__Linittext              inittext     0000
__Lintentry              intentry     0004
__Lmaintext              maintext     0000
__Lpowerup               powerup      0000
__Lram                   ram          0000
__Lreset_vec             reset_vec    0000
__Lsfr0                  sfr0         0000
__Lsfr1                  sfr1         0000
__Lsfr2                  sfr2         0000
__Lsfr3                  sfr3         0000
__Lspace_0               (abs)        0000
__Lspace_1               (abs)        0000
__Lspace_2               (abs)        0000
__Lspace_3               (abs)        0000
__Lspace_4               (abs)        0000
__Lstack                 stack        0000
__Lstrings               strings      0000
__Ltext                  text         0000
__S0                     (abs)        0746
__S1                     (abs)        00A2
__S3                     (abs)        0000
__Umul8_16               text8        06D4
__Umul8_16@multiplicand  cstackCOMMON 0070
__Umul8_16@multiplier    cstackCOMMON 0078
__Umul8_16@product       cstackCOMMON 0074
__Umul8_16@word_mpld     cstackCOMMON 0076
___awdiv                 text11       058A
___awdiv@counter         cstackCOMMON 0074
___awdiv@dividend        cstackCOMMON 0072
___awdiv@divisor         cstackCOMMON 0070
___awdiv@quotient        cstackCOMMON 0076
___awdiv@sign            cstackCOMMON 0075
___awmod                 text10       064F
___awmod@counter         cstackCOMMON 0074
___awmod@dividend        cstackCOMMON 0072
___awmod@divisor         cstackCOMMON 0070
___awmod@sign            cstackCOMMON 0075
___flmul                 text7        002B
___flmul@a               cstackBANK0  0024
___flmul@aexp            cstackBANK0  0032
___flmul@b               cstackBANK0  0020
___flmul@bexp            cstackBANK0  0033
___flmul@grs             cstackBANK0  002E
___flmul@prod            cstackBANK0  0034
___flmul@sign            cstackBANK0  002D
___flmul@temp            cstackBANK0  0038
___fltol                 text6        0512
___fltol@exp1            cstackBANK0  0043
___fltol@f1              cstackBANK0  003A
___fltol@sign1           cstackBANK0  0042
___heap_hi               (abs)        0000
___heap_lo               (abs)        0000
___int_sp                stack        0000
___int_stack_hi          stack        0000
___int_stack_lo          stack        0000
___latbits               (abs)        0002
___sp                    stack        0000
___stack_hi              stack        0000
___stack_lo              stack        0000
___stackhi               (abs)        0000
___stacklo               (abs)        0000
___xxtofl                text5        045A
___xxtofl@arg            cstackCOMMON 007A
___xxtofl@exp            cstackCOMMON 0079
___xxtofl@sign           cstackCOMMON 0078
___xxtofl@val            cstackCOMMON 0070
__end_of_ADC_Init        text3        0715
__end_of_ADC_Read        text2        0746
__end_of_Int_Init        text1        0742
__end_of_Show_Display    text9        045A
__end_of_TrataInt        text4        064F
__end_of__Umul8_16       text8        06FB
__end_of___awdiv         text11       05F1
__end_of___awmod         text10       06A8
__end_of___flmul         text7        0370
__end_of___fltol         text6        058A
__end_of___xxtofl        text5        0512
__end_of__initialization cinit        0027
__end_of_main            maintext     06D4
__initialization         cinit        0015
__pbssBANK0              bssBANK0     005C
__pcstackBANK0           cstackBANK0  0020
__pcstackBANK1           cstackBANK1  00A0
__pcstackCOMMON          cstackCOMMON 0070
__pdataBANK0             dataBANK0    0048
__pidataBANK0            idataBANK0   0715
__pintentry              intentry     0004
__pmaintext              maintext     06A8
__ptext1                 text1        073C
__ptext10                text10       064F
__ptext11                text11       058A
__ptext2                 text2        0742
__ptext3                 text3        06FB
__ptext4                 text4        05F1
__ptext5                 text5        045A
__ptext6                 text6        0512
__ptext7                 text7        002B
__ptext8                 text8        06D4
__ptext9                 text9        0370
_digital_value           bssBANK0     005E
_main                    maintext     06A8
_new_value               bssBANK0     005C
_segments                dataBANK0    0048
btemp                    (abs)        007E
end_of_initialization    cinit        0027
init_fetch0              inittext     0729
init_ram0                inittext     072D
interrupt_function       intentry     0004
intlevel0                functab      0000
intlevel1                functab      0000
intlevel2                functab      0000
intlevel3                functab      0000
intlevel4                functab      0000
intlevel5                functab      0000
reset_vec                reset_vec    0000
saved_w                  (abs)        007E
start                    init         0012
start_initialization     cinit        0015
wtemp0                   (abs)        007E


MODULE INFORMATION

Module		Function		Class		Link	Load	Size
Prova_pratica.c
		_Int_Init      		CODE           	073C	0000	6
		_TrataInt      		CODE           	05F1	0000	94
		_Show_Display  		CODE           	0370	0000	234
		_main          		CODE           	06A8	0000	44
		_ADC_Read      		CODE           	0742	0000	4
		_ADC_Init      		CODE           	06FB	0000	26

Prova_pratica.c estimated size: 408

C:\Program Files\Microchip\xc8\v2.45\pic\sources\c99\common\sprcmul.c
		___flmul       		CODE           	002B	0000	837

C:\Program Files\Microchip\xc8\v2.45\pic\sources\c99\common\sprcmul.c estimated size: 837

C:\Program Files\Microchip\xc8\v2.45\pic\sources\c99\common\awmod.c
		___awmod       		CODE           	064F	0000	89

C:\Program Files\Microchip\xc8\v2.45\pic\sources\c99\common\awmod.c estimated size: 89

shared
		__initialization		CODE           	0015	0000	18

shared estimated size: 18

C:\Program Files\Microchip\xc8\v2.45\pic\sources\c99\common\xxtofl.c
		___xxtofl      		CODE           	045A	0000	184

C:\Program Files\Microchip\xc8\v2.45\pic\sources\c99\common\xxtofl.c estimated size: 184

C:\Program Files\Microchip\xc8\v2.45\pic\sources\c99\common\Umul8_16.c
		__Umul8_16     		CODE           	06D4	0000	39

C:\Program Files\Microchip\xc8\v2.45\pic\sources\c99\common\Umul8_16.c estimated size: 39

C:\Program Files\Microchip\xc8\v2.45\pic\sources\c99\common\awdiv.c
		___awdiv       		CODE           	058A	0000	103

C:\Program Files\Microchip\xc8\v2.45\pic\sources\c99\common\awdiv.c estimated size: 103

C:\Program Files\Microchip\xc8\v2.45\pic\sources\c99\common\fltol.c
		___fltol       		CODE           	0512	0000	120

C:\Program Files\Microchip\xc8\v2.45\pic\sources\c99\common\fltol.c estimated size: 120

